// Jest Snapshot v1, https://goo.gl/fbAQLP

exports[`Issue component it works 1`] = `
<div
  className="w-full rounded-md bg-white flex flex-col p-4 mt-16"
>
  <div
    className="flex justify-start"
  >
    <div
      className="inline-flex px-2 py-0.5 rounded-2xl text-white"
      style={
        Object {
          "backgroundColor": "#13ad18",
        }
      }
    />
  </div>
  <div
    className="flex flex-col gap-2 text-center mt-6 mb-10 items-center"
  >
    <span
      className="text-2xl font-semibold"
    >
      Fix bugs usercard
    </span>
    <div
      className="flex flex-wrap gap-2"
    />
  </div>
  <div
    className="grid grid-cols-4 gap-x-1 gap-y-2 my-4"
  >
    <span
      className="col-span-1"
    >
      Created by:
    </span>
    <span
      className="col-span-3 text-black/40"
    />
    <span
      className="col-span-1"
    >
      Created at: 
    </span>
    <span
      className="col-span-3 text-black/40"
    />
  </div>
  <div
    className="grid grid-cols-4 gap-x-1 gap-y-2 my-4"
  >
    <span
      className="col-span-1"
    >
      Description: 
    </span>
    <p
      className="col-span-3 text-black/40"
    >
      none
    </p>
  </div>
  <div
    className="grid grid-cols-4 gap-x-1 gap-y-2 my-4"
  >
    <span
      className="col-span-1"
    >
      Assignees: 
    </span>
    <div
      className="col-span-3 flex clex-cols-1 gap-1 text-black/40"
    />
  </div>
</div>
`;
